// Jest Snapshot v1, https://goo.gl/fbAQLP

exports[`components DataListPagination should render DataListPagination component 1`] = `
<div
  data-props={
    Object {
      "component": "div",
      "count": 1000,
      "onChangePage": [Function],
      "page": 12,
      "rowsPerPage": 30,
      "rowsPerPageOptions": Array [
        50,
      ],
    }
  }
  id="MUI.TablePagination"
/>
`;
