// Jest Snapshot v1, https://goo.gl/fbAQLP

exports[`components should render TableView component with maxHeight 1`] = `
.c1 {
  position: absolute;
}

.c1 th {
  padding: 8px 16px;
}

.c1 td {
  padding: 2px 16px;
}

.c1 tr:nth-child(even) {
  background: inherit;
}

.c0 {
  width: 100%;
  max-height: 500px;
}

<div
  className="c0"
  data-props={Object {}}
  id="MUI.TableContainer"
>
  <table
    className="c1"
    data-props={
      Object {
        "data-testid": "TableView",
        "maxHeight": 500,
        "stickyHeader": true,
      }
    }
    id="MUI.Table"
  />
</div>
`;
