// Jest Snapshot v1, https://goo.gl/fbAQLP

exports[`components GenericForm should render GenericForm component with Field component 1`] = `
<form
  onSubmit={[Function]}
>
  <input
    name="nickname"
    onBlur={[Function]}
    onChange={[Function]}
    onFocus={[Function]}
    placeholder="Nickname"
    type="text"
    value="MirasHandlarz"
  />
</form>
`;
