// Jest Snapshot v1, https://goo.gl/fbAQLP

exports[`pages protected TemplatesPage should render TemplatesPage component 1`] = `
Array [
  <div
    data-props={
      Object {
        "category": "general",
        "title": "Templates",
      }
    }
    id="PageTitle"
  />,
  <div
    data-props={Object {}}
    id="TemplatesTableView"
  />,
]
`;
