// Jest Snapshot v1, https://goo.gl/fbAQLP

exports[`layouts DefaultLayout should render DefaultLayout with children 1`] = `
Array [
  @media all and (-ms-high-contrast:none) {

}

@media (min-width:1200px) {

}

<div
    id="TopBar"
  >
    <h3>
      Template Deployments
    </h3>
  </div>,
  @media all and (-ms-high-contrast:none) {

}

@media (min-width:1200px) {

}

<div
    data-props={Object {}}
    id="Sidebar"
  >
    <div
      data-props={Object {}}
      id="NavListView"
    />
  </div>,
  .c0 {
  min-height: 100vh;
  display: -webkit-box;
  display: -webkit-flex;
  display: -ms-flexbox;
  display: flex;
  padding: 0;
}

.c1 {
  -webkit-box-flex: 1;
  -webkit-flex-grow: 1;
  -ms-flex-positive: 1;
  flex-grow: 1;
  max-width: 100%;
  padding: 64px 0px 0px 0px;
}

.c2 {
  padding-top: 24px;
  padding-bottom: 24px;
  height: 100%;
  display: -webkit-box;
  display: -webkit-flex;
  display: -ms-flexbox;
  display: flex;
  -webkit-flex-direction: column;
  -ms-flex-direction: column;
  flex-direction: column;
}

@media all and (-ms-high-contrast:none) {
  .c0 {
    height: 0;
  }
}

@media (min-width:1200px) {
  .c1 {
    padding: 64px 0px 0px 256px;
  }
}

<div
    className="c0"
    data-props={
      Object {
        "maxWidth": false,
      }
    }
    id="MUI.Container"
  >
    <div
      className="c1"
      data-props={
        Object {
          "maxWidth": false,
        }
      }
      id="MUI.Container"
    >
      <div
        className="c2"
        data-props={
          Object {
            "maxWidth": false,
          }
        }
        id="MUI.Container"
      >
        <div
          id="LayoutBase"
        >
          Some children
        </div>
      </div>
    </div>
  </div>,
]
`;
